******************************************************************************
                  TI ARM Linker PC v20.2.7                     
******************************************************************************
>> Linked Thu Apr 13 14:34:52 2023

OUTPUT FILE NAME:   <Lab7.out>
ENTRY POINT SYMBOL: "_c_int00_noargs"  address: 00002b11


MEMORY CONFIGURATION

         name            origin    length      used     unused   attr    fill
----------------------  --------  ---------  --------  --------  ----  --------
  FLASH                 00000000   00040000  00002e41  0003d1bf  R  X
  SRAM                  20000000   00008000  0000101e  00006fe2  RW X


SEGMENT ALLOCATION MAP

run origin  load origin   length   init length attrs members
----------  ----------- ---------- ----------- ----- -------
00000000    00000000    00002e48   00002e48    r-x
  00000000    00000000    0000026c   0000026c    r-- .intvecs
  0000026c    0000026c    00002aa4   00002aa4    r-x .text
  00002d10    00002d10    00000101   00000101    r-- .const
  00002e18    00002e18    00000030   00000030    r-- .cinit
20000000    20000000    0000101e   00000000    rw-
  20000000    20000000    00001000   00000000    rw- .stack
  20001000    20001000    00000018   00000000    rw- .bss
  20001018    20001018    00000006   00000000    rw- .data


SECTION ALLOCATION MAP

 output                                  attributes/
section   page    origin      length       input sections
--------  ----  ----------  ----------   ----------------
.intvecs   0    00000000    0000026c     
                  00000000    0000026c     tm4c123gh6pm_startup_ccs.obj (.intvecs)

.text      0    0000026c    00002aa4     
                  0000026c    00000a4e     rtsv7M4_T_le_v4SPD16_eabi.lib : _printfi.c.obj (.text:__TI_printfi)
                  00000cba    00000002                                   : div0.asm.obj (.text)
                  00000cbc    0000090c     lab7_Ethan_Sprinkle.obj (.text)
                  000015c8    00000270     rtsv7M4_T_le_v4SPD16_eabi.lib : _printfi.c.obj (.text:_pconv_a)
                  00001838    000001d0                                   : _printfi.c.obj (.text:_pconv_g)
                  00001a08    000001b6                                   : fd_add_t2.asm.obj (.text)
                  00001bbe    00000002     --HOLE-- [fill = 0]
                  00001bc0    00000164     uart0.obj (.text)
                  00001d24    0000013c     rtsv7M4_T_le_v4SPD16_eabi.lib : _printfi.c.obj (.text:_pconv_e)
                  00001e60    00000136                                   : fd_div_t2.asm.obj (.text)
                  00001f96    00000002     --HOLE-- [fill = 0]
                  00001f98    00000124                                   : _printfi.c.obj (.text:fcvt)
                  000020bc    00000110                                   : s_scalbn.c.obj (.text:scalbn)
                  000021cc    00000100     rgb_led.obj (.text)
                  000022cc    000000fc     rtsv7M4_T_le_v4SPD16_eabi.lib : fd_mul_t2.asm.obj (.text)
                  000023c8    000000b1                                   : _printfi.c.obj (.text:_ltostr)
                  00002479    00000001     --HOLE-- [fill = 0]
                  0000247a    0000009c                                   : memcpy_t2.asm.obj (.text)
                  00002516    00000096                                   : ull_div_t2.asm.obj (.text)
                  000025ac    00000086                                   : fd_cmp_t2.asm.obj (.text:__aeabi_cdcmple)
                  00002632    00000086                                   : fd_cmp_t2.asm.obj (.text:__aeabi_cdrcmple)
                  000026b8    0000007a                                   : memset_t2.asm.obj (.text)
                  00002732    0000006e                                   : _printfi.c.obj (.text:_mcpy)
                  000027a0    00000068                                   : copy_decompress_lzss.c.obj (.text:decompress:lzss:__TI_decompress_lzss)
                  00002808    00000064                                   : s_frexp.c.obj (.text:frexp)
                  0000286c    00000056                                   : _printfi.c.obj (.text:_pconv_f)
                  000028c2    00000054                                   : _ltoa.c.obj (.text:__TI_ltoa)
                  00002916    00000052                                   : _printfi.c.obj (.text:_ecpy)
                  00002968    0000004c                                   : atoi.c.obj (.text:atoi)
                  000029b4    0000004c                                   : snprintf.c.obj (.text:snprintf)
                  00002a00    00000048                                   : fd_toi_t2.asm.obj (.text)
                  00002a48    00000044                                   : autoinit.c.obj (.text:__TI_auto_init_nobinit_nopinit:__TI_auto_init_nobinit_nopinit)
                  00002a8c    00000044                                   : fd_tou_t2.asm.obj (.text)
                  00002ad0    0000003e                                   : _printfi.c.obj (.text:_fcpy)
                  00002b0e    00000002     --HOLE-- [fill = 0]
                  00002b10    00000034                                   : boot_cortex_m.c.obj (.text:_c_int00_noargs:_c_int00_noargs)
                  00002b44    00000030                                   : snprintf.c.obj (.text:_outs)
                  00002b74    0000002e                                   : i_tofd_t2.asm.obj (.text)
                  00002ba2    0000002e                                   : strncat.c.obj (.text:strncat)
                  00002bd0    00000024     wait.obj (.text)
                  00002bf4    00000020     rtsv7M4_T_le_v4SPD16_eabi.lib : u_tofd_t2.asm.obj (.text)
                  00002c14    0000001c                                   : copy_zero_init.c.obj (.text:decompress:ZI:__TI_zero_init_nomemset:__TI_zero_init_nomemset)
                  00002c30    0000001c                                   : memccpy.c.obj (.text:memccpy)
                  00002c4c    0000001a                                   : s_copysign.c.obj (.text:copysign)
                  00002c66    00000018                                   : snprintf.c.obj (.text:_outc)
                  00002c7e    00000018                                   : strcmp.c.obj (.text:strcmp)
                  00002c96    00000016                                   : strchr.c.obj (.text:strchr)
                  00002cac    00000014                                   : strlen.c.obj (.text:strlen)
                  00002cc0    00000012                                   : wcslen.c.obj (.text:wcslen)
                  00002cd2    00000002     --HOLE-- [fill = 0]
                  00002cd4    00000010     clock.obj (.text)
                  00002ce4    0000000e     rtsv7M4_T_le_v4SPD16_eabi.lib : copy_decompress_none.c.obj (.text:decompress:none:__TI_decompress_none)
                  00002cf2    0000000c     tm4c123gh6pm_startup_ccs.obj (.text)
                  00002cfe    00000002     --HOLE-- [fill = 0]
                  00002d00    00000008     rtsv7M4_T_le_v4SPD16_eabi.lib : errno.c.obj (.text:__aeabi_errno_addr)
                  00002d08    00000004                                   : pre_init.c.obj (.text:_system_pre_init)
                  00002d0c    00000004                                   : exit.c.obj (.text:abort:abort)

.const     0    00002d10    00000101     
                  00002d10    00000101     rtsv7M4_T_le_v4SPD16_eabi.lib : ctype.c.obj (.const:.string:_ctypes_)

.cinit     0    00002e18    00000030     
                  00002e18    0000000c     (__TI_handler_table)
                  00002e24    00000004     --HOLE-- [fill = 0]
                  00002e28    00000008     (.cinit..bss.load) [load image, compression = zero_init]
                  00002e30    00000007     (.cinit..data.load) [load image, compression = lzss]
                  00002e37    00000001     --HOLE-- [fill = 0]
                  00002e38    00000010     (__TI_cinit_table)

.init_array 
*          0    00000000    00000000     UNINITIALIZED

.bss       0    20001000    00000018     UNINITIALIZED
                  20001000    0000000c     (.common:distance)
                  2000100c    0000000c     (.common:mm)

.data      0    20001018    00000006     UNINITIALIZED
                  20001018    00000004     rtsv7M4_T_le_v4SPD16_eabi.lib : errno.c.obj (.data)
                  2000101c    00000002     lab7_Ethan_Sprinkle.obj (.data)

.stack     0    20000000    00001000     UNINITIALIZED
                  20000000    00000004     rtsv7M4_T_le_v4SPD16_eabi.lib : boot_cortex_m.c.obj (.stack)
                  20000004    00000ffc     --HOLE--

__llvm_prf_cnts 
*          0    20000000    00000000     UNINITIALIZED

MODULE SUMMARY

       Module                         code    ro data   rw data
       ------                         ----    -------   -------
    .\
       lab7_Ethan_Sprinkle.obj        2316    0         26     
       tm4c123gh6pm_startup_ccs.obj   12      620       0      
       uart0.obj                      356     0         0      
       rgb_led.obj                    256     0         0      
       wait.obj                       36      0         0      
       clock.obj                      16      0         0      
    +--+------------------------------+-------+---------+---------+
       Total:                         2992    620       26     
                                                               
    C:\ti\ccs1220\ccs\tools\compiler\ti-cgt-arm_20.2.7.LTS\lib\rtsv7M4_T_le_v4SPD16_eabi.lib
       _printfi.c.obj                 4851    0         0      
       fd_add_t2.asm.obj              438     0         0      
       fd_div_t2.asm.obj              310     0         0      
       s_scalbn.c.obj                 272     0         0      
       fd_cmp_t2.asm.obj              268     0         0      
       ctype.c.obj                    0       257       0      
       fd_mul_t2.asm.obj              252     0         0      
       memcpy_t2.asm.obj              156     0         0      
       ull_div_t2.asm.obj             150     0         0      
       snprintf.c.obj                 148     0         0      
       memset_t2.asm.obj              122     0         0      
       copy_decompress_lzss.c.obj     104     0         0      
       s_frexp.c.obj                  100     0         0      
       _ltoa.c.obj                    84      0         0      
       atoi.c.obj                     76      0         0      
       fd_toi_t2.asm.obj              72      0         0      
       autoinit.c.obj                 68      0         0      
       fd_tou_t2.asm.obj              68      0         0      
       boot_cortex_m.c.obj            52      0         0      
       i_tofd_t2.asm.obj              46      0         0      
       strncat.c.obj                  46      0         0      
       u_tofd_t2.asm.obj              32      0         0      
       copy_zero_init.c.obj           28      0         0      
       memccpy.c.obj                  28      0         0      
       s_copysign.c.obj               26      0         0      
       strcmp.c.obj                   24      0         0      
       strchr.c.obj                   22      0         0      
       strlen.c.obj                   20      0         0      
       wcslen.c.obj                   18      0         0      
       copy_decompress_none.c.obj     14      0         0      
       errno.c.obj                    8       0         4      
       exit.c.obj                     4       0         0      
       pre_init.c.obj                 4       0         0      
       div0.asm.obj                   2       0         0      
    +--+------------------------------+-------+---------+---------+
       Total:                         7913    257       4      
                                                               
       Stack:                         0       0         4096   
       Linker Generated:              0       43        0      
    +--+------------------------------+-------+---------+---------+
       Grand Total:                   10905   920       4126   


LINKER GENERATED COPY TABLES

__TI_cinit_table @ 00002e38 records: 2, size/record: 8, table size: 16
	.bss: load addr=00002e28, load size=00000008 bytes, run addr=20001000, run size=00000018 bytes, compression=zero_init
	.data: load addr=00002e30, load size=00000007 bytes, run addr=20001018, run size=00000006 bytes, compression=lzss


LINKER GENERATED HANDLER TABLE

__TI_handler_table @ 00002e18 records: 3, size/record: 4, table size: 12
	index: 0, handler: __TI_decompress_lzss
	index: 1, handler: __TI_decompress_none
	index: 2, handler: __TI_zero_init


GLOBAL SYMBOLS: SORTED ALPHABETICALLY BY Name 

address   name                          
-------   ----                          
00002d0d  C$$EXIT                       
00000e79  EnableTrigTimer               
00000d9d  EnableWideTimer               
00002cf3  ResetISR                      
20001000  __STACK_END                   
00001000  __STACK_SIZE                  
20000200  __STACK_TOP                   
00002e38  __TI_CINIT_Base               
00002e48  __TI_CINIT_Limit              
00002e18  __TI_Handler_Table_Base       
00002e24  __TI_Handler_Table_Limit      
00002a49  __TI_auto_init_nobinit_nopinit
000027a1  __TI_decompress_lzss          
00002ce5  __TI_decompress_none          
000028c3  __TI_ltoa                     
ffffffff  __TI_pprof_out_hndl           
0000026d  __TI_printfi                  
ffffffff  __TI_prof_data_size           
ffffffff  __TI_prof_data_start          
00000000  __TI_static_base__            
00002c15  __TI_zero_init_nomemset       
000025ad  __aeabi_cdcmpeq               
000025ad  __aeabi_cdcmple               
00002633  __aeabi_cdrcmple              
00002a01  __aeabi_d2iz                  
00002a8d  __aeabi_d2uiz                 
00001a13  __aeabi_dadd                  
00001e61  __aeabi_ddiv                  
000022cd  __aeabi_dmul                  
00001a09  __aeabi_dsub                  
00002d01  __aeabi_errno_addr            
00002b75  __aeabi_i2d                   
00000cbb  __aeabi_idiv0                 
00000cbb  __aeabi_ldiv0                 
000026b9  __aeabi_memclr                
000026b9  __aeabi_memclr4               
000026b9  __aeabi_memclr8               
0000247b  __aeabi_memcpy                
0000247b  __aeabi_memcpy4               
0000247b  __aeabi_memcpy8               
000026bb  __aeabi_memset                
000026bb  __aeabi_memset4               
000026bb  __aeabi_memset8               
00002bf5  __aeabi_ui2d                  
00002517  __aeabi_uldivmod              
ffffffff  __binit__                     
ffffffff  __c_args__                    
UNDEFED   __mpu_init                    
20000000  __stack                       
20000000  __start___llvm_prf_cnts       
20000000  __stop___llvm_prf_cnts        
00002b11  _c_int00_noargs               
00002d10  _ctypes_                      
UNDEFED   _system_post_cinit            
00002d09  _system_pre_init              
00002d0d  abort                         
00002969  atoi                          
ffffffff  binit                         
2000101c  channel                       
00002c4d  copysign                      
00002c4d  copysignl                     
00000edf  disableTrigTimer              
00000e47  disableWideTimers             
20001000  distance                      
20001018  errno                         
00002809  frexp                         
00002809  frexpl                        
00000000  g_pfnVectors                  
0000131d  getFieldInteger               
000012a1  getFieldString                
00001cc1  getcUart0                     
0000107d  getsUart0                     
00000cbd  initHw                        
000021cd  initRgb                       
00002cd5  initSystemClockTo40Mhz        
00001bc1  initUart0                     
00001393  isCommand                     
00000f37  isr_0                         
00000f61  isr_1                         
00000f8b  isr_2                         
00001cd5  kbhitUart0                    
000020bd  ldexp                         
000020bd  ldexpl                        
000013cd  main                          
00000efb  measure_mm                    
00002c31  memccpy                       
0000247b  memcpy                        
000026c1  memset                        
2000100c  mm                            
00001179  parseFields                   
2000101d  phase                         
00001c79  putcUart0                     
00001c95  putsUart0                     
000020bd  scalbn                        
000020bd  scalbnl                       
00002275  setMotorSpeed                 
00001c35  setUart0BaudRate              
000029b5  snprintf                      
00002c97  strchr                        
00002c7f  strcmp                        
00002cad  strlen                        
00002ba3  strncat                       
00000fb5  timer_isr                     
00002bd1  waitMicrosecond               
00002cc1  wcslen                        


GLOBAL SYMBOLS: SORTED BY Symbol Address 

address   name                          
-------   ----                          
00000000  __TI_static_base__            
00000000  g_pfnVectors                  
0000026d  __TI_printfi                  
00000cbb  __aeabi_idiv0                 
00000cbb  __aeabi_ldiv0                 
00000cbd  initHw                        
00000d9d  EnableWideTimer               
00000e47  disableWideTimers             
00000e79  EnableTrigTimer               
00000edf  disableTrigTimer              
00000efb  measure_mm                    
00000f37  isr_0                         
00000f61  isr_1                         
00000f8b  isr_2                         
00000fb5  timer_isr                     
00001000  __STACK_SIZE                  
0000107d  getsUart0                     
00001179  parseFields                   
000012a1  getFieldString                
0000131d  getFieldInteger               
00001393  isCommand                     
000013cd  main                          
00001a09  __aeabi_dsub                  
00001a13  __aeabi_dadd                  
00001bc1  initUart0                     
00001c35  setUart0BaudRate              
00001c79  putcUart0                     
00001c95  putsUart0                     
00001cc1  getcUart0                     
00001cd5  kbhitUart0                    
00001e61  __aeabi_ddiv                  
000020bd  ldexp                         
000020bd  ldexpl                        
000020bd  scalbn                        
000020bd  scalbnl                       
000021cd  initRgb                       
00002275  setMotorSpeed                 
000022cd  __aeabi_dmul                  
0000247b  __aeabi_memcpy                
0000247b  __aeabi_memcpy4               
0000247b  __aeabi_memcpy8               
0000247b  memcpy                        
00002517  __aeabi_uldivmod              
000025ad  __aeabi_cdcmpeq               
000025ad  __aeabi_cdcmple               
00002633  __aeabi_cdrcmple              
000026b9  __aeabi_memclr                
000026b9  __aeabi_memclr4               
000026b9  __aeabi_memclr8               
000026bb  __aeabi_memset                
000026bb  __aeabi_memset4               
000026bb  __aeabi_memset8               
000026c1  memset                        
000027a1  __TI_decompress_lzss          
00002809  frexp                         
00002809  frexpl                        
000028c3  __TI_ltoa                     
00002969  atoi                          
000029b5  snprintf                      
00002a01  __aeabi_d2iz                  
00002a49  __TI_auto_init_nobinit_nopinit
00002a8d  __aeabi_d2uiz                 
00002b11  _c_int00_noargs               
00002b75  __aeabi_i2d                   
00002ba3  strncat                       
00002bd1  waitMicrosecond               
00002bf5  __aeabi_ui2d                  
00002c15  __TI_zero_init_nomemset       
00002c31  memccpy                       
00002c4d  copysign                      
00002c4d  copysignl                     
00002c7f  strcmp                        
00002c97  strchr                        
00002cad  strlen                        
00002cc1  wcslen                        
00002cd5  initSystemClockTo40Mhz        
00002ce5  __TI_decompress_none          
00002cf3  ResetISR                      
00002d01  __aeabi_errno_addr            
00002d09  _system_pre_init              
00002d0d  C$$EXIT                       
00002d0d  abort                         
00002d10  _ctypes_                      
00002e18  __TI_Handler_Table_Base       
00002e24  __TI_Handler_Table_Limit      
00002e38  __TI_CINIT_Base               
00002e48  __TI_CINIT_Limit              
20000000  __stack                       
20000000  __start___llvm_prf_cnts       
20000000  __stop___llvm_prf_cnts        
20000200  __STACK_TOP                   
20001000  __STACK_END                   
20001000  distance                      
2000100c  mm                            
20001018  errno                         
2000101c  channel                       
2000101d  phase                         
ffffffff  __TI_pprof_out_hndl           
ffffffff  __TI_prof_data_size           
ffffffff  __TI_prof_data_start          
ffffffff  __binit__                     
ffffffff  __c_args__                    
ffffffff  binit                         
UNDEFED   __mpu_init                    
UNDEFED   _system_post_cinit            

[105 symbols]
