******************************************************************************
                  TI ARM Linker PC v20.2.7                     
******************************************************************************
>> Linked Tue Apr 25 13:16:27 2023

OUTPUT FILE NAME:   <Lab8.out>
ENTRY POINT SYMBOL: "_c_int00_noargs"  address: 00003819


MEMORY CONFIGURATION

         name            origin    length      used     unused   attr    fill
----------------------  --------  ---------  --------  --------  ----  --------
  FLASH                 00000000   00040000  00003b49  0003c4b7  R  X
  SRAM                  20000000   00008000  00001026  00006fda  RW X


SEGMENT ALLOCATION MAP

run origin  load origin   length   init length attrs members
----------  ----------- ---------- ----------- ----- -------
00000000    00000000    00003b50   00003b50    r-x
  00000000    00000000    0000026c   0000026c    r-- .intvecs
  0000026c    0000026c    000037ac   000037ac    r-x .text
  00003a18    00003a18    00000101   00000101    r-- .const
  00003b20    00003b20    00000030   00000030    r-- .cinit
20000000    20000000    00001026   00000000    rw-
  20000000    20000000    00001000   00000000    rw- .stack
  20001000    20001000    00000020   00000000    rw- .bss
  20001020    20001020    00000006   00000000    rw- .data


SECTION ALLOCATION MAP

 output                                  attributes/
section   page    origin      length       input sections
--------  ----  ----------  ----------   ----------------
.intvecs   0    00000000    0000026c     
                  00000000    0000026c     tm4c123gh6pm_startup_ccs.obj (.intvecs)

.text      0    0000026c    000037ac     
                  0000026c    00001070     lab8_Ethan_Sprinkle.obj (.text)
                  000012dc    00000a4e     rtsv7M4_T_le_v4SPD16_eabi.lib : _printfi.c.obj (.text:__TI_printfi)
                  00001d2a    00000002                                   : div0.asm.obj (.text)
                  00001d2c    00000324     uart0.obj (.text)
                  00002050    000002e4     init.obj (.text)
                  00002334    00000270     rtsv7M4_T_le_v4SPD16_eabi.lib : _printfi.c.obj (.text:_pconv_a)
                  000025a4    000001d0                                   : _printfi.c.obj (.text:_pconv_g)
                  00002774    000001b6                                   : fd_add_t2.asm.obj (.text)
                  0000292a    00000002     --HOLE-- [fill = 0]
                  0000292c    0000017c     motor.obj (.text)
                  00002aa8    0000013c     rtsv7M4_T_le_v4SPD16_eabi.lib : _printfi.c.obj (.text:_pconv_e)
                  00002be4    00000136                                   : fd_div_t2.asm.obj (.text)
                  00002d1a    00000002     --HOLE-- [fill = 0]
                  00002d1c    00000124                                   : _printfi.c.obj (.text:fcvt)
                  00002e40    00000110                                   : s_scalbn.c.obj (.text:scalbn)
                  00002f50    000000fc                                   : fd_mul_t2.asm.obj (.text)
                  0000304c    000000b1                                   : _printfi.c.obj (.text:_ltostr)
                  000030fd    00000001     --HOLE-- [fill = 0]
                  000030fe    0000009c                                   : memcpy_t2.asm.obj (.text)
                  0000319a    00000096                                   : ull_div_t2.asm.obj (.text)
                  00003230    00000086                                   : fd_cmp_t2.asm.obj (.text:__aeabi_cdcmple)
                  000032b6    00000086                                   : fd_cmp_t2.asm.obj (.text:__aeabi_cdrcmple)
                  0000333c    00000084     eeprom.obj (.text)
                  000033c0    0000007a     rtsv7M4_T_le_v4SPD16_eabi.lib : memset_t2.asm.obj (.text)
                  0000343a    0000006e                                   : _printfi.c.obj (.text:_mcpy)
                  000034a8    00000068                                   : copy_decompress_lzss.c.obj (.text:decompress:lzss:__TI_decompress_lzss)
                  00003510    00000064                                   : s_frexp.c.obj (.text:frexp)
                  00003574    00000056                                   : _printfi.c.obj (.text:_pconv_f)
                  000035ca    00000054                                   : _ltoa.c.obj (.text:__TI_ltoa)
                  0000361e    00000052                                   : _printfi.c.obj (.text:_ecpy)
                  00003670    0000004c                                   : atoi.c.obj (.text:atoi)
                  000036bc    0000004c                                   : snprintf.c.obj (.text:snprintf)
                  00003708    00000048                                   : fd_toi_t2.asm.obj (.text)
                  00003750    00000044                                   : autoinit.c.obj (.text:__TI_auto_init_nobinit_nopinit:__TI_auto_init_nobinit_nopinit)
                  00003794    00000044                                   : fd_tou_t2.asm.obj (.text)
                  000037d8    0000003e                                   : _printfi.c.obj (.text:_fcpy)
                  00003816    00000002     --HOLE-- [fill = 0]
                  00003818    00000034                                   : boot_cortex_m.c.obj (.text:_c_int00_noargs:_c_int00_noargs)
                  0000384c    00000030                                   : snprintf.c.obj (.text:_outs)
                  0000387c    0000002e                                   : i_tofd_t2.asm.obj (.text)
                  000038aa    0000002e                                   : strncat.c.obj (.text:strncat)
                  000038d8    00000024     wait.obj (.text)
                  000038fc    00000020     rtsv7M4_T_le_v4SPD16_eabi.lib : u_tofd_t2.asm.obj (.text)
                  0000391c    0000001c                                   : copy_zero_init.c.obj (.text:decompress:ZI:__TI_zero_init_nomemset:__TI_zero_init_nomemset)
                  00003938    0000001c                                   : memccpy.c.obj (.text:memccpy)
                  00003954    0000001a                                   : s_copysign.c.obj (.text:copysign)
                  0000396e    00000018                                   : snprintf.c.obj (.text:_outc)
                  00003986    00000018                                   : strcmp.c.obj (.text:strcmp)
                  0000399e    00000016                                   : strchr.c.obj (.text:strchr)
                  000039b4    00000014                                   : strlen.c.obj (.text:strlen)
                  000039c8    00000012                                   : wcslen.c.obj (.text:wcslen)
                  000039da    00000002     --HOLE-- [fill = 0]
                  000039dc    00000010     clock.obj (.text)
                  000039ec    0000000e     rtsv7M4_T_le_v4SPD16_eabi.lib : copy_decompress_none.c.obj (.text:decompress:none:__TI_decompress_none)
                  000039fa    0000000c     tm4c123gh6pm_startup_ccs.obj (.text)
                  00003a06    00000002     --HOLE-- [fill = 0]
                  00003a08    00000008     rtsv7M4_T_le_v4SPD16_eabi.lib : errno.c.obj (.text:__aeabi_errno_addr)
                  00003a10    00000004                                   : pre_init.c.obj (.text:_system_pre_init)
                  00003a14    00000004                                   : exit.c.obj (.text:abort:abort)

.const     0    00003a18    00000101     
                  00003a18    00000101     rtsv7M4_T_le_v4SPD16_eabi.lib : ctype.c.obj (.const:.string:_ctypes_)

.cinit     0    00003b20    00000030     
                  00003b20    0000000c     (__TI_handler_table)
                  00003b2c    00000004     --HOLE-- [fill = 0]
                  00003b30    00000008     (.cinit..bss.load) [load image, compression = zero_init]
                  00003b38    00000007     (.cinit..data.load) [load image, compression = lzss]
                  00003b3f    00000001     --HOLE-- [fill = 0]
                  00003b40    00000010     (__TI_cinit_table)

.init_array 
*          0    00000000    00000000     UNINITIALIZED

.bss       0    20001000    00000020     UNINITIALIZED
                  20001000    00000014     (.common:eventStatus)
                  20001014    0000000c     (.common:distance)

.data      0    20001020    00000006     UNINITIALIZED
                  20001020    00000004     rtsv7M4_T_le_v4SPD16_eabi.lib : errno.c.obj (.data)
                  20001024    00000002     lab8_Ethan_Sprinkle.obj (.data)

.stack     0    20000000    00001000     UNINITIALIZED
                  20000000    00000004     rtsv7M4_T_le_v4SPD16_eabi.lib : boot_cortex_m.c.obj (.stack)
                  20000004    00000ffc     --HOLE--

__llvm_prf_cnts 
*          0    20000000    00000000     UNINITIALIZED

MODULE SUMMARY

       Module                         code    ro data   rw data
       ------                         ----    -------   -------
    .\
       lab8_Ethan_Sprinkle.obj        4208    0         34     
       uart0.obj                      804     0         0      
       init.obj                       740     0         0      
       tm4c123gh6pm_startup_ccs.obj   12      620       0      
       motor.obj                      380     0         0      
       eeprom.obj                     132     0         0      
       wait.obj                       36      0         0      
       clock.obj                      16      0         0      
    +--+------------------------------+-------+---------+---------+
       Total:                         6328    620       34     
                                                               
    C:\ti\ccs1220\ccs\tools\compiler\ti-cgt-arm_20.2.7.LTS\lib\rtsv7M4_T_le_v4SPD16_eabi.lib
       _printfi.c.obj                 4851    0         0      
       fd_add_t2.asm.obj              438     0         0      
       fd_div_t2.asm.obj              310     0         0      
       s_scalbn.c.obj                 272     0         0      
       fd_cmp_t2.asm.obj              268     0         0      
       ctype.c.obj                    0       257       0      
       fd_mul_t2.asm.obj              252     0         0      
       memcpy_t2.asm.obj              156     0         0      
       ull_div_t2.asm.obj             150     0         0      
       snprintf.c.obj                 148     0         0      
       memset_t2.asm.obj              122     0         0      
       copy_decompress_lzss.c.obj     104     0         0      
       s_frexp.c.obj                  100     0         0      
       _ltoa.c.obj                    84      0         0      
       atoi.c.obj                     76      0         0      
       fd_toi_t2.asm.obj              72      0         0      
       autoinit.c.obj                 68      0         0      
       fd_tou_t2.asm.obj              68      0         0      
       boot_cortex_m.c.obj            52      0         0      
       i_tofd_t2.asm.obj              46      0         0      
       strncat.c.obj                  46      0         0      
       u_tofd_t2.asm.obj              32      0         0      
       copy_zero_init.c.obj           28      0         0      
       memccpy.c.obj                  28      0         0      
       s_copysign.c.obj               26      0         0      
       strcmp.c.obj                   24      0         0      
       strchr.c.obj                   22      0         0      
       strlen.c.obj                   20      0         0      
       wcslen.c.obj                   18      0         0      
       copy_decompress_none.c.obj     14      0         0      
       errno.c.obj                    8       0         4      
       exit.c.obj                     4       0         0      
       pre_init.c.obj                 4       0         0      
       div0.asm.obj                   2       0         0      
    +--+------------------------------+-------+---------+---------+
       Total:                         7913    257       4      
                                                               
       Stack:                         0       0         4096   
       Linker Generated:              0       43        0      
    +--+------------------------------+-------+---------+---------+
       Grand Total:                   14241   920       4134   


LINKER GENERATED COPY TABLES

__TI_cinit_table @ 00003b40 records: 2, size/record: 8, table size: 16
	.bss: load addr=00003b30, load size=00000008 bytes, run addr=20001000, run size=00000020 bytes, compression=zero_init
	.data: load addr=00003b38, load size=00000007 bytes, run addr=20001020, run size=00000006 bytes, compression=lzss


LINKER GENERATED HANDLER TABLE

__TI_handler_table @ 00003b20 records: 3, size/record: 4, table size: 12
	index: 0, handler: __TI_decompress_lzss
	index: 1, handler: __TI_decompress_none
	index: 2, handler: __TI_zero_init


GLOBAL SYMBOLS: SORTED ALPHABETICALLY BY Name 

address   name                          
-------   ----                          
00003a15  C$$EXIT                       
0000220d  EnableTrigTimer               
00002131  EnableWideTimer               
000039fb  ResetISR                      
20001000  __STACK_END                   
00001000  __STACK_SIZE                  
20000200  __STACK_TOP                   
00003b40  __TI_CINIT_Base               
00003b50  __TI_CINIT_Limit              
00003b20  __TI_Handler_Table_Base       
00003b2c  __TI_Handler_Table_Limit      
00003751  __TI_auto_init_nobinit_nopinit
000034a9  __TI_decompress_lzss          
000039ed  __TI_decompress_none          
000035cb  __TI_ltoa                     
ffffffff  __TI_pprof_out_hndl           
000012dd  __TI_printfi                  
ffffffff  __TI_prof_data_size           
ffffffff  __TI_prof_data_start          
00000000  __TI_static_base__            
0000391d  __TI_zero_init_nomemset       
00003231  __aeabi_cdcmpeq               
00003231  __aeabi_cdcmple               
000032b7  __aeabi_cdrcmple              
00003709  __aeabi_d2iz                  
00003795  __aeabi_d2uiz                 
0000277f  __aeabi_dadd                  
00002be5  __aeabi_ddiv                  
00002f51  __aeabi_dmul                  
00002775  __aeabi_dsub                  
00003a09  __aeabi_errno_addr            
0000387d  __aeabi_i2d                   
00001d2b  __aeabi_idiv0                 
00001d2b  __aeabi_ldiv0                 
000033c1  __aeabi_memclr                
000033c1  __aeabi_memclr4               
000033c1  __aeabi_memclr8               
000030ff  __aeabi_memcpy                
000030ff  __aeabi_memcpy4               
000030ff  __aeabi_memcpy8               
000033c3  __aeabi_memset                
000033c3  __aeabi_memset4               
000033c3  __aeabi_memset8               
000038fd  __aeabi_ui2d                  
0000319b  __aeabi_uldivmod              
ffffffff  __binit__                     
ffffffff  __c_args__                    
UNDEFED   __mpu_init                    
20000000  __stack                       
20000000  __start___llvm_prf_cnts       
20000000  __stop___llvm_prf_cnts        
00003819  _c_int00_noargs               
00003a18  _ctypes_                      
UNDEFED   _system_post_cinit            
00003a11  _system_pre_init              
00003a15  abort                         
00003671  atoi                          
ffffffff  binit                         
20001024  channel                       
0000054d  checkCompoundEventTrue        
0000049f  checkEventTrue                
00003955  copysign                      
00003955  copysignl                     
00002273  disableTrigTimer              
000021db  disableWideTimers             
20001014  distance                      
20001020  errno                         
20001000  eventStatus                   
00003511  frexp                         
00003511  frexpl                        
00000000  g_pfnVectors                  
0000041f  getFieldInteger               
000003a9  getFieldString                
00001e2d  getcUart0                     
00001e5b  getsUart0                     
0000333d  initEeprom                    
00002051  initHw                        
0000292d  initPMW                       
000039dd  initSystemClockTo40Mhz        
00001d2d  initUart0                     
00001fe3  isCommand                     
0000026d  isr_0                         
000002a9  isr_1                         
000002e5  isr_2                         
00001e41  kbhitUart0                    
00002e41  ldexp                         
00002e41  ldexpl                        
00000685  main                          
00003939  memccpy                       
000030ff  memcpy                        
000033c9  memset                        
00001edd  parseFields                   
20001025  phase                         
000005e1  playEvent                     
00001de5  putcUart0                     
00001e01  putsUart0                     
00003385  readEeprom                    
00002e41  scalbn                        
00002e41  scalbnl                       
00002a11  setMotorSpeed                 
00001da1  setUart0BaudRate              
000036bd  snprintf                      
0000399f  strchr                        
00003987  strcmp                        
000039b5  strlen                        
000038ab  strncat                       
00000321  timer_isr                     
000029d5  toggleBlueLight               
000029f3  toggleGreenLight              
000038d9  waitMicrosecond               
000039c9  wcslen                        
00003353  writeEeprom                   


GLOBAL SYMBOLS: SORTED BY Symbol Address 

address   name                          
-------   ----                          
00000000  __TI_static_base__            
00000000  g_pfnVectors                  
0000026d  isr_0                         
000002a9  isr_1                         
000002e5  isr_2                         
00000321  timer_isr                     
000003a9  getFieldString                
0000041f  getFieldInteger               
0000049f  checkEventTrue                
0000054d  checkCompoundEventTrue        
000005e1  playEvent                     
00000685  main                          
00001000  __STACK_SIZE                  
000012dd  __TI_printfi                  
00001d2b  __aeabi_idiv0                 
00001d2b  __aeabi_ldiv0                 
00001d2d  initUart0                     
00001da1  setUart0BaudRate              
00001de5  putcUart0                     
00001e01  putsUart0                     
00001e2d  getcUart0                     
00001e41  kbhitUart0                    
00001e5b  getsUart0                     
00001edd  parseFields                   
00001fe3  isCommand                     
00002051  initHw                        
00002131  EnableWideTimer               
000021db  disableWideTimers             
0000220d  EnableTrigTimer               
00002273  disableTrigTimer              
00002775  __aeabi_dsub                  
0000277f  __aeabi_dadd                  
0000292d  initPMW                       
000029d5  toggleBlueLight               
000029f3  toggleGreenLight              
00002a11  setMotorSpeed                 
00002be5  __aeabi_ddiv                  
00002e41  ldexp                         
00002e41  ldexpl                        
00002e41  scalbn                        
00002e41  scalbnl                       
00002f51  __aeabi_dmul                  
000030ff  __aeabi_memcpy                
000030ff  __aeabi_memcpy4               
000030ff  __aeabi_memcpy8               
000030ff  memcpy                        
0000319b  __aeabi_uldivmod              
00003231  __aeabi_cdcmpeq               
00003231  __aeabi_cdcmple               
000032b7  __aeabi_cdrcmple              
0000333d  initEeprom                    
00003353  writeEeprom                   
00003385  readEeprom                    
000033c1  __aeabi_memclr                
000033c1  __aeabi_memclr4               
000033c1  __aeabi_memclr8               
000033c3  __aeabi_memset                
000033c3  __aeabi_memset4               
000033c3  __aeabi_memset8               
000033c9  memset                        
000034a9  __TI_decompress_lzss          
00003511  frexp                         
00003511  frexpl                        
000035cb  __TI_ltoa                     
00003671  atoi                          
000036bd  snprintf                      
00003709  __aeabi_d2iz                  
00003751  __TI_auto_init_nobinit_nopinit
00003795  __aeabi_d2uiz                 
00003819  _c_int00_noargs               
0000387d  __aeabi_i2d                   
000038ab  strncat                       
000038d9  waitMicrosecond               
000038fd  __aeabi_ui2d                  
0000391d  __TI_zero_init_nomemset       
00003939  memccpy                       
00003955  copysign                      
00003955  copysignl                     
00003987  strcmp                        
0000399f  strchr                        
000039b5  strlen                        
000039c9  wcslen                        
000039dd  initSystemClockTo40Mhz        
000039ed  __TI_decompress_none          
000039fb  ResetISR                      
00003a09  __aeabi_errno_addr            
00003a11  _system_pre_init              
00003a15  C$$EXIT                       
00003a15  abort                         
00003a18  _ctypes_                      
00003b20  __TI_Handler_Table_Base       
00003b2c  __TI_Handler_Table_Limit      
00003b40  __TI_CINIT_Base               
00003b50  __TI_CINIT_Limit              
20000000  __stack                       
20000000  __start___llvm_prf_cnts       
20000000  __stop___llvm_prf_cnts        
20000200  __STACK_TOP                   
20001000  __STACK_END                   
20001000  eventStatus                   
20001014  distance                      
20001020  errno                         
20001024  channel                       
20001025  phase                         
ffffffff  __TI_pprof_out_hndl           
ffffffff  __TI_prof_data_size           
ffffffff  __TI_prof_data_start          
ffffffff  __binit__                     
ffffffff  __c_args__                    
ffffffff  binit                         
UNDEFED   __mpu_init                    
UNDEFED   _system_post_cinit            

[112 symbols]
